d:\backup\app9-3d\app1\ui_databackdialog.h
d:\backup\app9-3d\app1\ui_dialogsendgrid.h
d:\backup\app9-3d\app1\ui_dialog_airlist.h
d:\backup\app9-3d\app1\ui_dlg3dtest.h
d:\backup\app9-3d\app1\ui_dlgaddequipment.h
d:\backup\app9-3d\app1\ui_dlgaddtaskarea.h
d:\backup\app9-3d\app1\ui_dlgarearadarlist.h
d:\backup\app9-3d\app1\ui_dlgequipment.h
d:\backup\app9-3d\app1\ui_dlgmodifyequipment.h
d:\backup\app9-3d\app1\ui_dlgmodifytaskarea.h
d:\backup\app9-3d\app1\ui_dlgtaskguihua.h
d:\backup\app9-3d\app1\ui_dlgtuili.h
d:\backup\app9-3d\app1\ui_setradardlg.h
d:\backup\app9-3d\app1\ui_griddialog.h
d:\backup\app9-3d\app1\ui_informationdetaildialog.h
d:\backup\app9-3d\app1\ui_lookdialog.h
d:\backup\app9-3d\app1\ui_marketcircledialog.h
d:\backup\app9-3d\app1\ui_marketpointdialog.h
d:\backup\app9-3d\app1\ui_qdialogtarget.h
d:\backup\app9-3d\app1\ui_qgsannotationwidgetbase.h
d:\backup\app9-3d\app1\ui_qgsformannotationdialogbase.h
d:\backup\app9-3d\app1\ui_qgsmeasurebase.h
d:\backup\app9-3d\app1\ui_qgssymbolselectordialogbase.h
d:\backup\app9-3d\app1\ui_qsetlayerdialog.h
d:\backup\app9-3d\app1\ui_mainwindow.h
d:\backup\app9-3d\app1\qrc_app1.cpp
d:\backup\app9-3d\app1\moc_tuilithread.cpp
d:\backup\app9-3d\app1\moc_dlgequipment.cpp
d:\backup\app9-3d\app1\moc_dlgaddequipment.cpp
d:\backup\app9-3d\app1\moc_dlgmodifyequipment.cpp
d:\backup\app9-3d\app1\moc_dlgtaskguihua.cpp
d:\backup\app9-3d\app1\moc_dlgtuili.cpp
d:\backup\app9-3d\app1\moc_qgstextannotationa.cpp
d:\backup\app9-3d\app1\moc_qgsannotationa.cpp
d:\backup\app9-3d\app1\moc_dlg3dtest.cpp
d:\backup\app9-3d\app1\moc_fixplanethread.cpp
d:\backup\app9-3d\app1\moc_qgsmapcanvasannotationitem2.cpp
d:\backup\app9-3d\app1\moc_linethread.cpp
d:\backup\app9-3d\app1\moc_qgslineannotation.cpp
d:\backup\app9-3d\app1\moc_qgsannotation2.cpp
d:\backup\app9-3d\app1\moc_transitthread.cpp
d:\backup\app9-3d\app1\moc_qgsvertextool.cpp
d:\backup\app9-3d\app1\moc_qgsvertexeditor.cpp
d:\backup\app9-3d\app1\moc_qgslockedfeature.cpp
d:\backup\app9-3d\app1\moc_addpolygontool.cpp
d:\backup\app9-3d\app1\moc_databackdlg.cpp
d:\backup\app9-3d\app1\moc_dialogsendgrid.cpp
d:\backup\app9-3d\app1\moc_ddsthread.cpp
d:\backup\app9-3d\app1\moc_dialog_airlist.cpp
d:\backup\app9-3d\app1\moc_dlgaddtaskarea.cpp
d:\backup\app9-3d\app1\moc_dlgmodifytaskarea.cpp
d:\backup\app9-3d\app1\moc_dlgarearadarlist.cpp
d:\backup\app9-3d\app1\moc_griddialog.cpp
d:\backup\app9-3d\app1\moc_informationdetaildialog.cpp
d:\backup\app9-3d\app1\moc_jpgannotation.cpp
d:\backup\app9-3d\app1\moc_layertreeviewmenuprovider.cpp
d:\backup\app9-3d\app1\moc_lookdialog.cpp
d:\backup\app9-3d\app1\moc_mainwindow.cpp
d:\backup\app9-3d\app1\moc_marketcircledialog.cpp
d:\backup\app9-3d\app1\moc_marketpointdialog.cpp
d:\backup\app9-3d\app1\moc_modifyboundance.cpp
d:\backup\app9-3d\app1\moc_qdialogtarget.cpp
d:\backup\app9-3d\app1\moc_mavlink5thread.cpp
d:\backup\app9-3d\app1\moc_qgsannotationlayer.cpp
d:\backup\app9-3d\app1\moc_qgsannotationmarkeritem2.cpp
d:\backup\app9-3d\app1\moc_qgsannotationwidget.cpp
d:\backup\app9-3d\app1\moc_qgsattributedialog.cpp
d:\backup\app9-3d\app1\moc_qgsfeatureaction.cpp
d:\backup\app9-3d\app1\moc_qgsguivectorlayertools.cpp
d:\backup\app9-3d\app1\moc_qgsmaptooladdcircle.cpp
d:\backup\app9-3d\app1\moc_qgsmaptooladdfeature.cpp
d:\backup\app9-3d\app1\moc_qgsmaptooladdtarget.cpp
d:\backup\app9-3d\app1\moc_qgsmaptoolannotation.cpp
d:\backup\app9-3d\app1\moc_qgsmaptoolcircle2points.cpp
d:\backup\app9-3d\app1\moc_qgsmaptooljpgannotation.cpp
d:\backup\app9-3d\app1\moc_qgsmaptoolmovefeature.cpp
d:\backup\app9-3d\app1\moc_qgsmaptoolselect.cpp
d:\backup\app9-3d\app1\moc_qgsmaptoolselectionhandler.cpp
d:\backup\app9-3d\app1\moc_qgsmapcanvaszjr.cpp
d:\backup\app9-3d\app1\moc_qgsmaptoolrotatefeature.cpp
d:\backup\app9-3d\app1\moc_qgsmaptoolsvgannotation.cpp
d:\backup\app9-3d\app1\moc_qgsmeasuredialog.cpp
d:\backup\app9-3d\app1\moc_qgsmeasuretool.cpp
d:\backup\app9-3d\app1\moc_qsetlayerdialog.cpp
d:\backup\app9-3d\app1\moc_recmavlinkthread.cpp
d:\backup\app9-3d\app1\moc_qudpthread.cpp
d:\backup\app9-3d\app1\moc_qsetradardlg.cpp
d:\backup\app9-3d\app1\.\ui_dlgaddtaskarea.h
d:\backup\app9-3d\x64\debug\app9.lib
d:\backup\app9-3d\x64\debug\app9.exp
d:\backup\app9-3d\x64\debug\app9.ilk
d:\backup\app9-3d\app1\x64\debug\addpolygontool.obj
d:\backup\app9-3d\app1\x64\debug\clipper.engine.obj
d:\backup\app9-3d\app1\x64\debug\clipper.offset.obj
d:\backup\app9-3d\app1\x64\debug\clipper.rectclip.obj
d:\backup\app9-3d\app1\x64\debug\comm.obj
d:\backup\app9-3d\app1\x64\debug\databackdlg.obj
d:\backup\app9-3d\app1\x64\debug\dataconversion.obj
d:\backup\app9-3d\app1\x64\debug\ddsthread.obj
d:\backup\app9-3d\app1\x64\debug\dialogsendgrid.obj
d:\backup\app9-3d\app1\x64\debug\dialog_airlist.obj
d:\backup\app9-3d\app1\x64\debug\dlg3dtest.obj
d:\backup\app9-3d\app1\x64\debug\dlgaddequipment.obj
d:\backup\app9-3d\app1\x64\debug\dlgaddtaskarea.obj
d:\backup\app9-3d\app1\x64\debug\dlgarearadarlist.obj
d:\backup\app9-3d\app1\x64\debug\dlgequipment.obj
d:\backup\app9-3d\app1\x64\debug\dlgmodifyequipment.obj
d:\backup\app9-3d\app1\x64\debug\dlgmodifytaskarea.obj
d:\backup\app9-3d\app1\x64\debug\dlgtaskguihua.obj
d:\backup\app9-3d\app1\x64\debug\dlgtuili.obj
d:\backup\app9-3d\app1\x64\debug\fixplanethread.obj
d:\backup\app9-3d\app1\x64\debug\global.obj
d:\backup\app9-3d\app1\x64\debug\griddialog.obj
d:\backup\app9-3d\app1\x64\debug\informationdetaildialog.obj
d:\backup\app9-3d\app1\x64\debug\jpgannotation.obj
d:\backup\app9-3d\app1\x64\debug\layertreeviewmenuprovider.obj
d:\backup\app9-3d\app1\x64\debug\linethread.obj
d:\backup\app9-3d\app1\x64\debug\lookdialog.obj
d:\backup\app9-3d\app1\x64\debug\lookdlg.obj
d:\backup\app9-3d\app1\x64\debug\main.obj
d:\backup\app9-3d\app1\x64\debug\mainwin.obj
d:\backup\app9-3d\app1\x64\debug\mainwindow.obj
d:\backup\app9-3d\app1\x64\debug\mainwinradar.obj
d:\backup\app9-3d\app1\x64\debug\mainwintaskarea.obj
d:\backup\app9-3d\app1\x64\debug\marketcircledialog.obj
d:\backup\app9-3d\app1\x64\debug\marketpointdialog.obj
d:\backup\app9-3d\app1\x64\debug\mavlink5thread.obj
d:\backup\app9-3d\app1\x64\debug\moc_addpolygontool.obj
d:\backup\app9-3d\app1\x64\debug\moc_databackdlg.obj
d:\backup\app9-3d\app1\x64\debug\moc_ddsthread.obj
d:\backup\app9-3d\app1\x64\debug\moc_dialogsendgrid.obj
d:\backup\app9-3d\app1\x64\debug\moc_dialog_airlist.obj
d:\backup\app9-3d\app1\x64\debug\moc_dlg3dtest.obj
d:\backup\app9-3d\app1\x64\debug\moc_dlgaddequipment.obj
d:\backup\app9-3d\app1\x64\debug\moc_dlgaddtaskarea.obj
d:\backup\app9-3d\app1\x64\debug\moc_dlgarearadarlist.obj
d:\backup\app9-3d\app1\x64\debug\moc_dlgequipment.obj
d:\backup\app9-3d\app1\x64\debug\moc_dlgmodifyequipment.obj
d:\backup\app9-3d\app1\x64\debug\moc_dlgmodifytaskarea.obj
d:\backup\app9-3d\app1\x64\debug\moc_dlgtaskguihua.obj
d:\backup\app9-3d\app1\x64\debug\moc_dlgtuili.obj
d:\backup\app9-3d\app1\x64\debug\moc_fixplanethread.obj
d:\backup\app9-3d\app1\x64\debug\moc_griddialog.obj
d:\backup\app9-3d\app1\x64\debug\moc_informationdetaildialog.obj
d:\backup\app9-3d\app1\x64\debug\moc_jpgannotation.obj
d:\backup\app9-3d\app1\x64\debug\moc_layertreeviewmenuprovider.obj
d:\backup\app9-3d\app1\x64\debug\moc_linethread.obj
d:\backup\app9-3d\app1\x64\debug\moc_lookdialog.obj
d:\backup\app9-3d\app1\x64\debug\moc_marketcircledialog.obj
d:\backup\app9-3d\app1\x64\debug\moc_marketpointdialog.obj
d:\backup\app9-3d\app1\x64\debug\moc_mavlink5thread.obj
d:\backup\app9-3d\app1\x64\debug\moc_modifyboundance.obj
d:\backup\app9-3d\app1\x64\debug\moc_qdialogtarget.obj
d:\backup\app9-3d\app1\x64\debug\moc_qgsannotation2.obj
d:\backup\app9-3d\app1\x64\debug\moc_qgsannotationa.obj
d:\backup\app9-3d\app1\x64\debug\moc_qgsannotationlayer.obj
d:\backup\app9-3d\app1\x64\debug\moc_qgsannotationmarkeritem2.obj
d:\backup\app9-3d\app1\x64\debug\moc_qgsannotationwidget.obj
d:\backup\app9-3d\app1\x64\debug\moc_qgsattributedialog.obj
d:\backup\app9-3d\app1\x64\debug\moc_qgsfeatureaction.obj
d:\backup\app9-3d\app1\x64\debug\moc_qgsguivectorlayertools.obj
d:\backup\app9-3d\app1\x64\debug\moc_qgslineannotation.obj
d:\backup\app9-3d\app1\x64\debug\moc_qgslockedfeature.obj
d:\backup\app9-3d\app1\x64\debug\moc_qgsmapcanvasannotationitem2.obj
d:\backup\app9-3d\app1\x64\debug\moc_qgsmapcanvaszjr.obj
d:\backup\app9-3d\app1\x64\debug\moc_qgsmaptooladdcircle.obj
d:\backup\app9-3d\app1\x64\debug\moc_qgsmaptooladdfeature.obj
d:\backup\app9-3d\app1\x64\debug\moc_qgsmaptooladdtarget.obj
d:\backup\app9-3d\app1\x64\debug\moc_qgsmaptoolannotation.obj
d:\backup\app9-3d\app1\x64\debug\moc_qgsmaptoolcircle2points.obj
d:\backup\app9-3d\app1\x64\debug\moc_qgsmaptooljpgannotation.obj
d:\backup\app9-3d\app1\x64\debug\moc_qgsmaptoolmovefeature.obj
d:\backup\app9-3d\app1\x64\debug\moc_qgsmaptoolrotatefeature.obj
d:\backup\app9-3d\app1\x64\debug\moc_qgsmaptoolselect.obj
d:\backup\app9-3d\app1\x64\debug\moc_qgsmaptoolselectionhandler.obj
d:\backup\app9-3d\app1\x64\debug\moc_qgsmaptoolsvgannotation.obj
d:\backup\app9-3d\app1\x64\debug\moc_qgsmeasuredialog.obj
d:\backup\app9-3d\app1\x64\debug\moc_qgsmeasuretool.obj
d:\backup\app9-3d\app1\x64\debug\moc_qgstextannotationa.obj
d:\backup\app9-3d\app1\x64\debug\moc_qgsvertexeditor.obj
d:\backup\app9-3d\app1\x64\debug\moc_qgsvertextool.obj
d:\backup\app9-3d\app1\x64\debug\moc_qsetlayerdialog.obj
d:\backup\app9-3d\app1\x64\debug\moc_qsetradardlg.obj
d:\backup\app9-3d\app1\x64\debug\moc_qudpthread.obj
d:\backup\app9-3d\app1\x64\debug\moc_recmavlinkthread.obj
d:\backup\app9-3d\app1\x64\debug\moc_transitthread.obj
d:\backup\app9-3d\app1\x64\debug\moc_tuilithread.obj
d:\backup\app9-3d\app1\x64\debug\modifyboundance.obj
d:\backup\app9-3d\app1\x64\debug\polygon.obj
d:\backup\app9-3d\app1\x64\debug\qdialogtarget.obj
d:\backup\app9-3d\app1\x64\debug\qgsannotation2.obj
d:\backup\app9-3d\app1\x64\debug\qgsannotationa.obj
d:\backup\app9-3d\app1\x64\debug\qgsannotationlayer.obj
d:\backup\app9-3d\app1\x64\debug\qgsannotationmarkeritem2.obj
d:\backup\app9-3d\app1\x64\debug\qgsannotationmarkeritem3.obj
d:\backup\app9-3d\app1\x64\debug\qgsannotationwidget.obj
d:\backup\app9-3d\app1\x64\debug\qgsattributedialog.obj
d:\backup\app9-3d\app1\x64\debug\qgsdistancearea.obj
d:\backup\app9-3d\app1\x64\debug\qgsfeatureaction.obj
d:\backup\app9-3d\app1\x64\debug\qgsguivectorlayertools.obj
d:\backup\app9-3d\app1\x64\debug\qgslineannotation.obj
d:\backup\app9-3d\app1\x64\debug\qgslockedfeature.obj
d:\backup\app9-3d\app1\x64\debug\qgsmapcanvasannotationitem2.obj
d:\backup\app9-3d\app1\x64\debug\qgsmapcanvaszjr.obj
d:\backup\app9-3d\app1\x64\debug\qgsmaptooladdcircle.obj
d:\backup\app9-3d\app1\x64\debug\qgsmaptooladdfeature.obj
d:\backup\app9-3d\app1\x64\debug\qgsmaptooladdtarget.obj
d:\backup\app9-3d\app1\x64\debug\qgsmaptoolannotation.obj
d:\backup\app9-3d\app1\x64\debug\qgsmaptoolcircle2points.obj
d:\backup\app9-3d\app1\x64\debug\qgsmaptooljpgannotation.obj
d:\backup\app9-3d\app1\x64\debug\qgsmaptoolmovefeature.obj
d:\backup\app9-3d\app1\x64\debug\qgsmaptoolrotatefeature.obj
d:\backup\app9-3d\app1\x64\debug\qgsmaptoolselect.obj
d:\backup\app9-3d\app1\x64\debug\qgsmaptoolselectionhandler.obj
d:\backup\app9-3d\app1\x64\debug\qgsmaptoolselectutils.obj
d:\backup\app9-3d\app1\x64\debug\qgsmaptoolsvgannotation.obj
d:\backup\app9-3d\app1\x64\debug\qgsmeasuredialog.obj
d:\backup\app9-3d\app1\x64\debug\qgsmeasuretool.obj
d:\backup\app9-3d\app1\x64\debug\qgstextannotationa.obj
d:\backup\app9-3d\app1\x64\debug\qgsvertexeditor.obj
d:\backup\app9-3d\app1\x64\debug\qgsvertextool.obj
d:\backup\app9-3d\app1\x64\debug\qrc_app1.obj
d:\backup\app9-3d\app1\x64\debug\qsetlayerdialog.obj
d:\backup\app9-3d\app1\x64\debug\qsetradardlg.obj
d:\backup\app9-3d\app1\x64\debug\qudpthread .obj
d:\backup\app9-3d\app1\x64\debug\recmavlinkthread.obj
d:\backup\app9-3d\app1\x64\debug\stdafx.obj
d:\backup\app9-3d\app1\x64\debug\transitthread.obj
d:\backup\app9-3d\app1\x64\debug\tuilithread.obj
d:\backup\app9-3d\app1\x64\debug\app1.res
d:\backup\app9-3d\app1\x64\debug\app9.pch
d:\backup\app9-3d\app1\x64\debug\vc145.pdb
d:\backup\app9-3d\x64\debug\app9.pdb
d:\backup\app9-3d\x64\debug\app9.exe
d:\backup\app9-3d\app1\x64\debug\app9.tlog\app9.write.1u.tlog
d:\backup\app9-3d\app1\x64\debug\app9.tlog\cl.command.1.tlog
d:\backup\app9-3d\app1\x64\debug\app9.tlog\link.command.1.tlog
d:\backup\app9-3d\app1\x64\debug\app9.tlog\link.secondary.1.tlog
d:\backup\app9-3d\app1\x64\debug\app9.tlog\rc.command.1.tlog
d:\backup\app9-3d\app1\x64\debug\app9.tlog\uic.read.1u.tlog
d:\backup\app9-3d\app1\x64\debug\app9.tlog\uic.write.1u.tlog
